{
'project:special-cases/android-application/app1/AndroidManifest.xml':[
11,
30,
42,
54,
66,
78,
90,
102,
113,
124,
135,
146,
157,
169,
180,
191,
202,
213,
224,
235,
246,
257,
268,
280,
293,
306,
],
'project:special-cases/android-application/app3/AndroidManifest.xml':[
16,
26,
],
}
